// Jest Snapshot v1, https://goo.gl/fbAQLP

exports[`renders heart 1`] = `
<View
  style={
    Object {
      "flex": 1,
      "flexDirection": "row",
      "paddingVertical": 2,
    }
  }
>
  <View
    style={
      Object {
        "alignItems": "center",
        "flexDirection": "row",
        "paddingLeft": 0,
        "paddingRight": 10,
      }
    }
  >
    <Text
      accessible={true}
      allowFontScaling={false}
      ellipsizeMode="tail"
      style={
        Array [
          Object {
            "color": "rgba(0, 0, 0, .5)",
            "fontSize": 15,
          },
          undefined,
          Object {
            "fontFamily": "FontAwesome",
            "fontStyle": "normal",
            "fontWeight": "normal",
          },
        ]
      }
    >
      ïˆ¶
    </Text>
    <Text
      accessible={true}
      allowFontScaling={true}
      ellipsizeMode="tail"
      style={
        Object {
          "color": "#000",
          "fontSize": 13,
          "fontWeight": "100",
          "marginHorizontal": 2,
        }
      }
    >
      1
    </Text>
  </View>
</View>
`;
