// Jest Snapshot v1, https://goo.gl/fbAQLP

exports[`renders Button 1`] = `
<View
  style={
    Object {
      "alignItems": "center",
      "flex": 1,
      "flexDirection": "row",
    }
  }
>
  <Text
    accessible={true}
    allowFontScaling={true}
    ellipsizeMode="tail"
    onPress={[Function]}
    style={
      Array [
        Object {
          "color": "#202226",
          "fontSize": 35,
          "fontWeight": "200",
          "paddingHorizontal": 10,
        },
      ]
    }
  >
    -
  </Text>
  <View
    style={
      Object {
        "alignItems": "center",
        "flex": 1,
        "flexDirection": "row",
        "justifyContent": "center",
      }
    }
  >
    <View
      style={
        Object {
          "alignItems": "center",
        }
      }
    >
      <Text
        accessible={true}
        allowFontScaling={false}
        ellipsizeMode="tail"
        style={
          Array [
            Object {
              "color": "black",
              "fontSize": 20,
            },
            Object {
              "fontSize": 20,
            },
            Object {
              "fontFamily": "FontAwesome",
              "fontStyle": "normal",
              "fontWeight": "normal",
            },
          ]
        }
      >
        ÔÄÅ
      </Text>
      <Text
        accessible={true}
        allowFontScaling={true}
        ellipsizeMode="tail"
        style={
          Array [
            Object {
              "fontSize": 12,
              "fontWeight": "400",
            },
            undefined,
          ]
        }
      >
        Button
      </Text>
    </View>
    <View
      style={
        Object {
          "marginLeft": 10,
        }
      }
    >
      <Text
        accessible={true}
        allowFontScaling={true}
        ellipsizeMode="tail"
        style={
          Object {
            "color": "#d60c3f",
            "fontWeight": "500",
          }
        }
      >
        a
      </Text>
    </View>
  </View>
  <Text
    accessible={true}
    allowFontScaling={true}
    ellipsizeMode="tail"
    onPress={[Function]}
    style={
      Array [
        Object {
          "color": "#202226",
          "fontSize": 35,
          "fontWeight": "200",
          "paddingHorizontal": 10,
        },
      ]
    }
  >
    +
  </Text>
</View>
`;
