// Jest Snapshot v1, https://goo.gl/fbAQLP

exports[`renders LocationSearchScene Component 1`] = `
<View
  style={
    Object {
      "flex": 1,
    }
  }
>
  <View
    style={
      Array [
        Object {
          "backgroundColor": "#EFEFF2",
          "flexDirection": "row",
          "height": 64,
          "left": 0,
          "paddingTop": 20,
          "right": 0,
          "top": 0,
        },
        undefined,
      ]
    }
  >
    <View
      style={
        Object {
          "minWidth": 60,
        }
      }
    >
      <View
        accessibilityComponentType={undefined}
        accessibilityLabel={undefined}
        accessibilityTraits={undefined}
        accessible={true}
        hasTVPreferredFocus={undefined}
        hitSlop={undefined}
        isTVSelectable={true}
        onLayout={undefined}
        onResponderGrant={[Function]}
        onResponderMove={[Function]}
        onResponderRelease={[Function]}
        onResponderTerminate={[Function]}
        onResponderTerminationRequest={[Function]}
        onStartShouldSetResponder={[Function]}
        style={
          Array [
            Object {
              "backgroundColor": "transparent",
            },
            Object {
              "alignItems": "center",
              "flex": 1,
              "flexDirection": "row",
              "justifyContent": "center",
              "paddingLeft": 15,
              "paddingRight": 15,
            },
          ]
        }
        testID={undefined}
        tvParallaxProperties={undefined}
      >
        <Text
          accessible={true}
          allowFontScaling={false}
          ellipsizeMode="tail"
          style={
            Array [
              Object {
                "color": "#ff1144",
                "fontSize": 33,
              },
              Array [
                Object {
                  "alignSelf": "center",
                  "color": "#ff1144",
                  "height": 40,
                  "width": 40,
                },
                Object {
                  "height": 33,
                  "marginLeft": -5,
                  "width": 33,
                },
              ],
              Object {
                "fontFamily": "Ionicons",
                "fontStyle": "normal",
                "fontWeight": "normal",
              },
            ]
          }
        >
          
        </Text>
      </View>
    </View>
    <View
      style={
        Object {
          "alignItems": "center",
          "flex": 1,
          "justifyContent": "center",
        }
      }
    >
      <Text
        accessible={true}
        allowFontScaling={true}
        ellipsizeMode="tail"
        style={
          Object {
            "fontSize": 17,
            "fontWeight": "500",
          }
        }
      >
         
        Search Location
         
      </Text>
    </View>
    <View
      style={
        Object {
          "minWidth": 60,
        }
      }
    >
      <View
        accessibilityComponentType={undefined}
        accessibilityLabel={undefined}
        accessibilityTraits={undefined}
        accessible={true}
        hasTVPreferredFocus={undefined}
        hitSlop={undefined}
        isTVSelectable={true}
        onLayout={undefined}
        onResponderGrant={[Function]}
        onResponderMove={[Function]}
        onResponderRelease={[Function]}
        onResponderTerminate={[Function]}
        onResponderTerminationRequest={[Function]}
        onStartShouldSetResponder={[Function]}
        style={
          Array [
            Object {
              "backgroundColor": "transparent",
            },
            Object {
              "alignItems": "center",
              "flex": 1,
              "flexDirection": "row",
              "justifyContent": "center",
              "paddingLeft": 15,
              "paddingRight": 15,
            },
          ]
        }
        testID={undefined}
        tvParallaxProperties={undefined}
      >
        <Text
          accessible={true}
          allowFontScaling={true}
          ellipsizeMode="tail"
          style={
            Array [
              Object {
                "color": "#ff1144",
                "fontSize": 15,
              },
              Object {
                "paddingLeft": 10,
              },
            ]
          }
        >
          Done
        </Text>
      </View>
    </View>
  </View>
  <RCTScrollView
    alwaysBounceHorizontal={undefined}
    alwaysBounceVertical={true}
    keyboardShouldPersistTaps="always"
    onContentSizeChange={null}
    onMomentumScrollBegin={[Function]}
    onMomentumScrollEnd={[Function]}
    onResponderGrant={[Function]}
    onResponderReject={[Function]}
    onResponderRelease={[Function]}
    onResponderTerminate={undefined}
    onResponderTerminationRequest={[Function]}
    onScroll={[Function]}
    onScrollBeginDrag={[Function]}
    onScrollEndDrag={[Function]}
    onScrollShouldSetResponder={[Function]}
    onStartShouldSetResponder={[Function]}
    onStartShouldSetResponderCapture={[Function]}
    onTouchEnd={[Function]}
    onTouchMove={[Function]}
    onTouchStart={[Function]}
    sendMomentumEvents={false}
    style={
      Array [
        Object {
          "flexDirection": "column",
          "flexGrow": 1,
          "flexShrink": 1,
          "overflow": "scroll",
        },
        Object {
          "backgroundColor": "white",
          "flex": 1,
          "padding": 10,
        },
      ]
    }
  >
    <RCTScrollContentView
      collapsable={false}
      removeClippedSubviews={undefined}
      style={
        Array [
          undefined,
          undefined,
        ]
      }
    >
      <View
        style={
          Object {
            "flex": 1,
          }
        }
      >
        <View
          style={
            Object {
              "flexDirection": "row",
            }
          }
        >
          <Text
            accessible={true}
            allowFontScaling={false}
            ellipsizeMode="tail"
            style={
              Array [
                Object {
                  "color": "#484848",
                  "fontSize": 18,
                },
                Object {
                  "padding": 5,
                  "paddingTop": 11,
                },
                Object {
                  "fontFamily": "Ionicons",
                  "fontStyle": "normal",
                  "fontWeight": "normal",
                },
              ]
            }
          >
            
          </Text>
          <View
            style={
              Array [
                Object {
                  "flex": 1,
                },
                undefined,
              ]
            }
          >
            <View
              style={
                Array [
                  Object {
                    "backgroundColor": "#C9C9CE",
                    "borderBottomColor": "#b5b5b5",
                    "borderBottomWidth": 0.5,
                    "borderTopColor": "#7e7e7e",
                    "borderTopWidth": 0.5,
                    "flexDirection": "row",
                    "height": 44,
                  },
                  Object {
                    "backgroundColor": "white",
                    "borderBottomWidth": 0,
                    "borderTopWidth": 0,
                    "height": 40,
                    "margin": 0,
                    "padding": 0,
                  },
                ]
              }
            >
              <TextInput
                autoFocus={true}
                clearButtonMode="while-editing"
                onChangeText={[Function]}
                onFocus={[Function]}
                placeholder="Search"
                placeholderTextColor="#f0f0f0"
                style={
                  Array [
                    Object {
                      "backgroundColor": "#FFFFFF",
                      "borderRadius": 5,
                      "flex": 1,
                      "fontSize": 15,
                      "height": 28,
                      "marginLeft": 8,
                      "marginRight": 8,
                      "marginTop": 7.5,
                      "paddingBottom": 4.5,
                      "paddingLeft": 10,
                      "paddingRight": 10,
                      "paddingTop": 4.5,
                    },
                    Object {
                      "color": "#484848",
                      "fontSize": 16,
                      "fontWeight": "400",
                    },
                  ]
                }
                underlineColorAndroid="transparent"
                value="salwa"
              />
            </View>
          </View>
        </View>
        <View
          style={
            Array [
              Object {
                "backgroundColor": "#e3e7ed",
                "height": 0.5,
              },
              Object {
                "marginBottom": 10,
                "marginTop": 10,
              },
            ]
          }
        />
      </View>
    </RCTScrollContentView>
  </RCTScrollView>
</View>
`;
