// Jest Snapshot v1, https://goo.gl/fbAQLP

exports[`renders PropertyMapScene Component 1`] = `null`;
