// Jest Snapshot v1, https://goo.gl/fbAQLP

exports[`renders AddressPicker 1`] = `
<View
  style={
    Object {
      "backgroundColor": "#e3e7ed",
      "flex": 1,
    }
  }
>
  <View
    style={
      Object {
        "backgroundColor": "white",
        "flexDirection": "row",
        "zIndex": 5000,
      }
    }
  >
    <View
      style={
        Array [
          Object {
            "flex": 1,
          },
          undefined,
        ]
      }
    >
      <View
        style={
          Array [
            Object {
              "backgroundColor": "#C9C9CE",
              "borderBottomColor": "#b5b5b5",
              "borderBottomWidth": 0.5,
              "borderTopColor": "#7e7e7e",
              "borderTopWidth": 0.5,
              "flexDirection": "row",
              "height": 44,
            },
            Object {
              "backgroundColor": "white",
              "borderBottomWidth": 0,
              "borderTopWidth": 0,
              "margin": 0,
              "zIndex": 70000,
            },
          ]
        }
      >
        <TextInput
          autoFocus={false}
          clearButtonMode="while-editing"
          onChangeText={[Function]}
          onFocus={[Function]}
          placeholder="Select your area"
          placeholderTextColor="#f0f0f0"
          style={
            Array [
              Object {
                "backgroundColor": "#FFFFFF",
                "borderRadius": 5,
                "flex": 1,
                "fontSize": 15,
                "height": 28,
                "marginLeft": 8,
                "marginRight": 8,
                "marginTop": 7.5,
                "paddingBottom": 4.5,
                "paddingLeft": 10,
                "paddingRight": 10,
                "paddingTop": 4.5,
              },
              Object {
                "color": "#484848",
                "fontSize": 16,
                "fontWeight": "400",
              },
            ]
          }
          underlineColorAndroid="transparent"
          value=""
        />
      </View>
    </View>
    <View
      accessibilityComponentType={undefined}
      accessibilityLabel={undefined}
      accessibilityTraits={undefined}
      accessible={true}
      hasTVPreferredFocus={undefined}
      hitSlop={undefined}
      isTVSelectable={true}
      onLayout={undefined}
      onResponderGrant={[Function]}
      onResponderMove={[Function]}
      onResponderRelease={[Function]}
      onResponderTerminate={[Function]}
      onResponderTerminationRequest={[Function]}
      onStartShouldSetResponder={[Function]}
      style={
        Array [
          Object {
            "backgroundColor": "transparent",
          },
          Object {
            "backgroundColor": "white",
          },
        ]
      }
      testID={undefined}
      tvParallaxProperties={undefined}
    >
      <Text
        accessible={true}
        allowFontScaling={false}
        ellipsizeMode="tail"
        style={
          Array [
            Object {
              "color": "#5d5f63",
              "fontSize": 25,
            },
            Object {
              "height": 25,
              "margin": 8,
              "width": 25,
            },
            Object {
              "fontFamily": "Ionicons",
              "fontStyle": "normal",
              "fontWeight": "normal",
            },
          ]
        }
      >
        Ôáù
      </Text>
    </View>
  </View>
  <View
    style={
      Object {
        "backgroundColor": "white",
        "flex": 5,
        "padding": 10,
      }
    }
  >
    <View
      style={
        Object {
          "alignItems": "center",
          "bottom": 0,
          "justifyContent": "flex-end",
          "left": 0,
          "position": "absolute",
          "right": 0,
          "top": 0,
        }
      }
    />
  </View>
  <View
    accessibilityComponentType={undefined}
    accessibilityLabel={undefined}
    accessibilityTraits={undefined}
    accessible={true}
    hasTVPreferredFocus={undefined}
    hitSlop={undefined}
    isTVSelectable={true}
    onLayout={undefined}
    onResponderGrant={[Function]}
    onResponderMove={[Function]}
    onResponderRelease={[Function]}
    onResponderTerminate={[Function]}
    onResponderTerminationRequest={[Function]}
    onStartShouldSetResponder={[Function]}
    style={
      Array [
        Object {
          "backgroundColor": "transparent",
        },
        Array [
          Object {
            "alignItems": "center",
            "backgroundColor": "#d60c3f",
            "borderColor": "transparent",
            "bottom": 0,
            "height": 56,
            "justifyContent": "center",
            "left": 0,
            "position": "absolute",
            "right": 0,
          },
          false,
        ],
      ]
    }
    testID={undefined}
    tvParallaxProperties={undefined}
  >
    <Text
      accessible={true}
      allowFontScaling={true}
      ellipsizeMode="tail"
      style={
        Object {
          "color": "white",
          "fontSize": 18,
          "fontWeight": "500",
        }
      }
    >
      Next
    </Text>
  </View>
</View>
`;
