// Jest Snapshot v1, https://goo.gl/fbAQLP

exports[`renders Header 1`] = `
<View
  style={
    Object {
      "alignItems": "center",
      "flex": 1,
      "justifyContent": "center",
      "padding": 10,
    }
  }
>
  <Text
    accessible={true}
    allowFontScaling={true}
    ellipsizeMode="tail"
    style={
      Object {
        "color": "#484848",
        "fontSize": 20,
        "fontWeight": "600",
        "padding": 30,
        "textAlign": "center",
      }
    }
  >
    the title
  </Text>
</View>
`;
